// Jest Snapshot v1, https://goo.gl/fbAQLP

exports[`Filter renders Filter 1`] = `
<div>
  <section
    class="filter"
  >
    <div
      class="filter-item"
      data-testid="filter-group"
    >
      <span>
        Color
      </span>
      <ul>
        <li
          data-testid="filter-group-item"
        >
          <input
            data-testid="filter-group-item-checkbox-Red"
            name="Red"
            type="checkbox"
          />
          <label>
            Red
          </label>
        </li>
        <li
          data-testid="filter-group-item"
        >
          <input
            data-testid="filter-group-item-checkbox-Blue"
            name="Blue"
            type="checkbox"
          />
          <label>
            Blue
          </label>
        </li>
        <li
          data-testid="filter-group-item"
        >
          <input
            data-testid="filter-group-item-checkbox-Green"
            name="Green"
            type="checkbox"
          />
          <label>
            Green
          </label>
        </li>
      </ul>
    </div>
    <div
      class="filter-item"
      data-testid="filter-group"
    >
      <span>
        Gender
      </span>
      <ul>
        <li
          data-testid="filter-group-item"
        >
          <input
            data-testid="filter-group-item-checkbox-Men"
            name="Men"
            type="checkbox"
          />
          <label>
            Men
          </label>
        </li>
        <li
          data-testid="filter-group-item"
        >
          <input
            data-testid="filter-group-item-checkbox-Women"
            name="Women"
            type="checkbox"
          />
          <label>
            Women
          </label>
        </li>
      </ul>
    </div>
    <div
      class="filter-item"
      data-testid="filter-group"
    >
      <span>
        Price
      </span>
      <ul>
        <li
          data-testid="filter-group-item"
        >
          <input
            data-testid="filter-group-item-checkbox-0-Rs250"
            name="0-Rs250"
            type="checkbox"
          />
          <label>
            0-Rs250
          </label>
        </li>
        <li
          data-testid="filter-group-item"
        >
          <input
            data-testid="filter-group-item-checkbox-Rs251-450"
            name="Rs251-450"
            type="checkbox"
          />
          <label>
            Rs251-450
          </label>
        </li>
        <li
          data-testid="filter-group-item"
        >
          <input
            data-testid="filter-group-item-checkbox-Rs450"
            name="Rs450"
            type="checkbox"
          />
          <label>
            Rs450
          </label>
        </li>
      </ul>
    </div>
    <div
      class="filter-item"
      data-testid="filter-group"
    >
      <span>
        Type
      </span>
      <ul>
        <li
          data-testid="filter-group-item"
        >
          <input
            data-testid="filter-group-item-checkbox-Polo"
            name="Polo"
            type="checkbox"
          />
          <label>
            Polo
          </label>
        </li>
        <li
          data-testid="filter-group-item"
        >
          <input
            data-testid="filter-group-item-checkbox-Hoodie"
            name="Hoodie"
            type="checkbox"
          />
          <label>
            Hoodie
          </label>
        </li>
        <li
          data-testid="filter-group-item"
        >
          <input
            data-testid="filter-group-item-checkbox-Basic"
            name="Basic"
            type="checkbox"
          />
          <label>
            Basic
          </label>
        </li>
      </ul>
    </div>
  </section>
</div>
`;
